<html>
<body>
<pre>
<h1>µVision Build Log</h1>
<h2>Tool Versions:</h2>
IDE-Version: ¦ÌVision V5.27.0.0
Copyright (C) 2018 ARM Ltd and ARM Germany GmbH. All rights reserved.
License Information: yy yy, yy, LIC=----
 
Tool Versions:
Toolchain:       MDK-Lite  Version: 5.27.0.0
Toolchain Path:  C:\Keil_v5\ARM\ARMCC\Bin
C Compiler:      Armcc.exe V5.06 update 6 (build 750)
Assembler:       Armasm.exe V5.06 update 6 (build 750)
Linker/Locator:  ArmLink.exe V5.06 update 6 (build 750)
Library Manager: ArmAr.exe V5.06 update 6 (build 750)
Hex Converter:   FromElf.exe V5.06 update 6 (build 750)
CPU DLL:         SARMCM3.DLL V5.27.0.0
Dialog DLL:      DCM.DLL V1.17.2.0
Target DLL:      STLink\ST-LINKIII-KEIL_SWO.dll V3.0.5.0
Dialog DLL:      TCM.DLL V1.36.1.0
 
<h2>Project:</h2>
D:\¼ÆÍø\FoundationFirmware2\MDK-ARM\hx711.uvprojx
Project File Date:  01/08/2026

<h2>Output:</h2>
*** Using Compiler 'V5.06 update 6 (build 750)', folder: 'C:\Keil_v5\ARM\ARMCC\Bin'
Rebuild target 'hx711'
assembling startup_stm32f103xb.s...
compiling Filteringalgorithm.C...
compiling tim.c...
compiling stm32f1xx_it.c...
compiling OLED.c...
compiling usart.c...
compiling stm32f1xx_hal_dma.c...
compiling main.c...
../Core/Src/hx711.h(16): warning:  #1-D: last line of file ends without a newline
  #endif
../Core/Src/main.c: 1 warning, 0 errors
compiling HX711.c...
..\Core\Src\HX711.h(16): warning:  #1-D: last line of file ends without a newline
  #endif
..\Core\Src\HX711.c(48): warning:  #188-D: enumerated type mixed with another type
  		  CLK_0;
..\Core\Src\HX711.c(62): warning:  #188-D: enumerated type mixed with another type
  			  CLK_1;
..\Core\Src\HX711.c(65): warning:  #188-D: enumerated type mixed with another type
  			  CLK_0;
..\Core\Src\HX711.c(72): warning:  #188-D: enumerated type mixed with another type
  		  CLK_1;
..\Core\Src\HX711.c(79): warning:  #188-D: enumerated type mixed with another type
  		  CLK_0;
..\Core\Src\HX711.c(82): warning:  #1-D: last line of file ends without a newline
  }
..\Core\Src\HX711.c(8): warning:  #177-D: variable "First_Weight"  was declared but never referenced
  static int32_t HX711_Buffer = 0,First_Weight=0,Weight=0;
..\Core\Src\HX711.c: 8 warnings, 0 errors
compiling stm32f1xx_hal.c...
compiling stm32f1xx_hal_gpio.c...
compiling stm32f1xx_hal_cortex.c...
compiling stm32f1xx_hal_gpio_ex.c...
compiling stm32f1xx_hal_flash_ex.c...
compiling gpio.c...
compiling stm32f1xx_hal_flash.c...
compiling stm32f1xx_hal_msp.c...
compiling stm32f1xx_hal_rcc_ex.c...
compiling stm32f1xx_hal_pwr.c...
compiling stm32f1xx_hal_exti.c...
compiling system_stm32f1xx.c...
compiling stm32f1xx_hal_rcc.c...
compiling stm32f1xx_hal_uart.c...
compiling stm32f1xx_hal_tim_ex.c...
compiling stm32f1xx_hal_tim.c...
linking...
Program Size: Code=12016 RO-data=1832 RW-data=76 ZI-data=1220  
FromELF: creating hex file...
"hx711\hx711.axf" - 0 Error(s), 9 Warning(s).

<h2>Software Packages used:</h2>

Package Vendor: ARM
                http://www.keil.com/pack/ARM.CMSIS.5.4.0.pack
                ARM.CMSIS.5.4.0
                CMSIS (Cortex Microcontroller Software Interface Standard)
   * Component: CORE Version: 5.1.2

Package Vendor: Keil
                http://www.keil.com/pack/Keil.STM32F1xx_DFP.2.1.0.pack
                Keil.STM32F1xx_DFP.2.1.0
                STMicroelectronics STM32F1 Series Device Support, Drivers and Examples

<h2>Collection of Component include folders:</h2>
  .\RTE\_hx711
  C:\Keil_v5\ARM\PACK\ARM\CMSIS\5.4.0\CMSIS\Core\Include
  C:\Keil_v5\ARM\PACK\Keil\STM32F1xx_DFP\2.1.0\Device\Include

<h2>Collection of Component Files used:</h2>

   * Component: ARM::CMSIS:CORE:5.1.2
Build Time Elapsed:  00:00:03
</pre>
</body>
</html>
